// Jest Snapshot v1, https://goo.gl/fbAQLP

exports[`render <Post /> correctly 1`] = `
<Fragment>
  <ForwardRef(Bootstrap(Row))
    className="post mx-sm-1"
  >
    <ForwardRef(Bootstrap(Col))
      className="p-sm-0 d-flex flex-column justify-content-center align-items-start"
    >
      <h5
        className="post__title mb-sm-2"
        onClick={[Function]}
      >
        Title
      </h5>
      <span>
        by - 
        <Link
          className="author d-inline-block mb-sm-1"
          replace={false}
          to="/profile"
        >
          <b
            className="mr-sm-1"
          >
            Guest
          </b>
          <span
            className="author__username mr-sm-2"
          >
            @
            guest
          </span>
        </Link>
      </span>
      <div
        className="post__body"
        onClick={[Function]}
      >
        <p
          className="mb-sm-2"
        >
          Post
        </p>
        <span
          className="d-flex align-items-center"
        >
          <FaRegComment
            className="mr-sm-1"
          />
           5
        </span>
      </div>
    </ForwardRef(Bootstrap(Col))>
  </ForwardRef(Bootstrap(Row))>
  <Connect(PostDetail)
    id={0}
    open={false}
    toggleOpen={[Function]}
  />
</Fragment>
`;
