// Jest Snapshot v1, https://goo.gl/fbAQLP

exports[`render <Profile /> correctly 1`] = `
<Card
  align="center"
>
  <withAvatarConfig
    className="profile-card__avatar"
    name="Guest"
    round={true}
    size="70px"
  />
  <h4>
    Guest
  </h4>
  <p
    className="profile-card__username"
  >
    @
    guest
  </p>
</Card>
`;
